---
source: crates/craby_codegen/src/parser/native_spec_parser.rs
expression: schemas
---
[
    Schema {
        module_name: "TestModule",
        aliases: [],
        enums: [],
        methods: [],
        signals: [
            Signal {
                name: "onFoo",
                payload_type: None,
            },
        ],
    },
]
