---
source: crates/craby_codegen/src/generators/ios_generator.rs
expression: "results.iter().map(|res|\nformat!(\"{}\\n{}\", res.path.display(),\nres.content)).collect::<Vec<_>>().join(\"\\n\\n\")"
---
./ios/CrabyTestModuleProvider.mm
#import "CxxCrabyTestModule.hpp"

#import <ReactCommon/CxxTurboModuleUtils.h>

@interface CrabyTestModuleProvider : NSObject
@end

@implementation CrabyTestModuleProvider
+ (void)load {
  facebook::react::registerCxxModuleToGlobalModuleMap(
      craby::crabytest::CxxCrabyTestModule::kModuleName,
      [](std::shared_ptr<facebook::react::CallInvoker> jsInvoker) {
      return std::make_shared<craby::crabytest::CxxCrabyTestModule>(jsInvoker);
      });
}
@end
