---
source: crates/craby_codegen/src/generators/cxx_generator.rs
expression: result
---
./cpp/CxxCrabyTestModule.cpp
#include "CxxCrabyTestModule.hpp"

#include "cxx.h"
#include "bridging-generated.hpp"
#include "utils.hpp"

#include <thread>
#include <react/bridging/Bridging.h>

using namespace facebook;

namespace craby {
namespace crabytest {

CxxCrabyTestModule::CxxCrabyTestModule(
    std::shared_ptr<react::CallInvoker> jsInvoker)
    : TurboModule(CxxCrabyTestModule::kModuleName, jsInvoker) {
  uintptr_t id = reinterpret_cast<uintptr_t>(this);
  auto& manager = craby::signals::SignalManager::getInstance();
  manager.registerDelegate(id,
                           std::bind(&CxxCrabyTestModule::emit,
                           this,
                           std::placeholders::_1));
  callInvoker_ = std::move(jsInvoker);
  module_ = std::shared_ptr<craby::bridging::CrabyTest>(
    craby::bridging::createCrabyTest(reinterpret_cast<uintptr_t>(this)).into_raw(),
    [](craby::bridging::CrabyTest *ptr) { rust::Box<craby::bridging::CrabyTest>::from_raw(ptr); }
  );

  methodMap_["numericMethod"] = MethodMetadata{1, &CxxCrabyTestModule::numericMethod};
  methodMap_["booleanMethod"] = MethodMetadata{1, &CxxCrabyTestModule::booleanMethod};
  methodMap_["stringMethod"] = MethodMetadata{1, &CxxCrabyTestModule::stringMethod};
  methodMap_["objectMethod"] = MethodMetadata{1, &CxxCrabyTestModule::objectMethod};
  methodMap_["arrayMethod"] = MethodMetadata{1, &CxxCrabyTestModule::arrayMethod};
  methodMap_["enumMethod"] = MethodMetadata{2, &CxxCrabyTestModule::enumMethod};
  methodMap_["nullableMethod"] = MethodMetadata{1, &CxxCrabyTestModule::nullableMethod};
  methodMap_["promiseMethod"] = MethodMetadata{1, &CxxCrabyTestModule::promiseMethod};
  methodMap_["camelMethod"] = MethodMetadata{2, &CxxCrabyTestModule::camelMethod};
  methodMap_["PascalMethod"] = MethodMetadata{2, &CxxCrabyTestModule::pascalMethod};
  methodMap_["snakeMethod"] = MethodMetadata{2, &CxxCrabyTestModule::snakeMethod};
  methodMap_["onSignal"] = MethodMetadata{1, &CxxCrabyTestModule::onSignal};
}

CxxCrabyTestModule::~CxxCrabyTestModule() {
  uintptr_t id = reinterpret_cast<uintptr_t>(this);
  auto& manager = craby::signals::SignalManager::getInstance();
  manager.unregisterDelegate(id);
}

void CxxCrabyTestModule::emit(std::string name) {
  std::vector<std::shared_ptr<facebook::jsi::Function>> listeners;

  {
    std::lock_guard<std::mutex> lock(mutex_);
    auto it = listenersMap_.find(name);
    if (it != listenersMap_.end()) {
      for (const auto& fn : it->second) {
        listeners.push_back(fn);
      }
    }
  }

  for (auto& listener : listeners) {
    try {
      callInvoker_->invokeAsync([listener](jsi::Runtime &rt) {
        listener->call(rt);
      });
    } catch (const std::exception& err) {
      // Noop
    }
  }
}

jsi::Value CxxCrabyTestModule::numericMethod(jsi::Runtime &rt,
                                react::TurboModule &turboModule,
                                const jsi::Value args[],
                                size_t count) {
  auto &thisModule = static_cast<CxxCrabyTestModule &>(turboModule);
  auto callInvoker = thisModule.callInvoker_;
  auto it_ = thisModule.module_;

  try {
    if (1 != count) {
      throw jsi::JSError(rt, "Expected 1 argument");
    }

    auto arg0 = react::bridging::fromJs<double>(rt, args[0], callInvoker);
    auto ret = craby::bridging::numericMethod(*it_, arg0);

    return react::bridging::toJs(rt, ret);
  } catch (const jsi::JSError &err) {
    throw err;
  } catch (const std::exception &err) {
    throw jsi::JSError(rt, errorMessage(err));
  }
}

jsi::Value CxxCrabyTestModule::booleanMethod(jsi::Runtime &rt,
                                react::TurboModule &turboModule,
                                const jsi::Value args[],
                                size_t count) {
  auto &thisModule = static_cast<CxxCrabyTestModule &>(turboModule);
  auto callInvoker = thisModule.callInvoker_;
  auto it_ = thisModule.module_;

  try {
    if (1 != count) {
      throw jsi::JSError(rt, "Expected 1 argument");
    }

    auto arg0 = react::bridging::fromJs<bool>(rt, args[0], callInvoker);
    auto ret = craby::bridging::booleanMethod(*it_, arg0);

    return react::bridging::toJs(rt, ret);
  } catch (const jsi::JSError &err) {
    throw err;
  } catch (const std::exception &err) {
    throw jsi::JSError(rt, errorMessage(err));
  }
}

jsi::Value CxxCrabyTestModule::stringMethod(jsi::Runtime &rt,
                                react::TurboModule &turboModule,
                                const jsi::Value args[],
                                size_t count) {
  auto &thisModule = static_cast<CxxCrabyTestModule &>(turboModule);
  auto callInvoker = thisModule.callInvoker_;
  auto it_ = thisModule.module_;

  try {
    if (1 != count) {
      throw jsi::JSError(rt, "Expected 1 argument");
    }

    auto arg0 = react::bridging::fromJs<rust::String>(rt, args[0], callInvoker);
    auto ret = craby::bridging::stringMethod(*it_, arg0);

    return react::bridging::toJs(rt, ret);
  } catch (const jsi::JSError &err) {
    throw err;
  } catch (const std::exception &err) {
    throw jsi::JSError(rt, errorMessage(err));
  }
}

jsi::Value CxxCrabyTestModule::objectMethod(jsi::Runtime &rt,
                                react::TurboModule &turboModule,
                                const jsi::Value args[],
                                size_t count) {
  auto &thisModule = static_cast<CxxCrabyTestModule &>(turboModule);
  auto callInvoker = thisModule.callInvoker_;
  auto it_ = thisModule.module_;

  try {
    if (1 != count) {
      throw jsi::JSError(rt, "Expected 1 argument");
    }

    auto arg0 = react::bridging::fromJs<craby::bridging::TestObject>(rt, args[0], callInvoker);
    auto ret = craby::bridging::objectMethod(*it_, arg0);

    return react::bridging::toJs(rt, ret);
  } catch (const jsi::JSError &err) {
    throw err;
  } catch (const std::exception &err) {
    throw jsi::JSError(rt, errorMessage(err));
  }
}

jsi::Value CxxCrabyTestModule::arrayMethod(jsi::Runtime &rt,
                                react::TurboModule &turboModule,
                                const jsi::Value args[],
                                size_t count) {
  auto &thisModule = static_cast<CxxCrabyTestModule &>(turboModule);
  auto callInvoker = thisModule.callInvoker_;
  auto it_ = thisModule.module_;

  try {
    if (1 != count) {
      throw jsi::JSError(rt, "Expected 1 argument");
    }

    auto arg0 = react::bridging::fromJs<rust::Vec<double>>(rt, args[0], callInvoker);
    auto ret = craby::bridging::arrayMethod(*it_, arg0);

    return react::bridging::toJs(rt, ret);
  } catch (const jsi::JSError &err) {
    throw err;
  } catch (const std::exception &err) {
    throw jsi::JSError(rt, errorMessage(err));
  }
}

jsi::Value CxxCrabyTestModule::enumMethod(jsi::Runtime &rt,
                                react::TurboModule &turboModule,
                                const jsi::Value args[],
                                size_t count) {
  auto &thisModule = static_cast<CxxCrabyTestModule &>(turboModule);
  auto callInvoker = thisModule.callInvoker_;
  auto it_ = thisModule.module_;

  try {
    if (2 != count) {
      throw jsi::JSError(rt, "Expected 2 arguments");
    }

    auto arg0 = react::bridging::fromJs<craby::bridging::MyEnum>(rt, args[0], callInvoker);
    auto arg1 = react::bridging::fromJs<craby::bridging::SwitchState>(rt, args[1], callInvoker);
    auto ret = craby::bridging::enumMethod(*it_, arg0, arg1);

    return react::bridging::toJs(rt, ret);
  } catch (const jsi::JSError &err) {
    throw err;
  } catch (const std::exception &err) {
    throw jsi::JSError(rt, errorMessage(err));
  }
}

jsi::Value CxxCrabyTestModule::nullableMethod(jsi::Runtime &rt,
                                react::TurboModule &turboModule,
                                const jsi::Value args[],
                                size_t count) {
  auto &thisModule = static_cast<CxxCrabyTestModule &>(turboModule);
  auto callInvoker = thisModule.callInvoker_;
  auto it_ = thisModule.module_;

  try {
    if (1 != count) {
      throw jsi::JSError(rt, "Expected 1 argument");
    }

    auto arg0 = react::bridging::fromJs<craby::bridging::NullableNumber>(rt, args[0], callInvoker);
    auto ret = craby::bridging::nullableMethod(*it_, arg0);

    return react::bridging::toJs(rt, ret);
  } catch (const jsi::JSError &err) {
    throw err;
  } catch (const std::exception &err) {
    throw jsi::JSError(rt, errorMessage(err));
  }
}

jsi::Value CxxCrabyTestModule::promiseMethod(jsi::Runtime &rt,
                                react::TurboModule &turboModule,
                                const jsi::Value args[],
                                size_t count) {
  auto &thisModule = static_cast<CxxCrabyTestModule &>(turboModule);
  auto callInvoker = thisModule.callInvoker_;
  auto it_ = thisModule.module_;

  try {
    if (1 != count) {
      throw jsi::JSError(rt, "Expected 1 argument");
    }

    auto arg0 = react::bridging::fromJs<double>(rt, args[0], callInvoker);
    react::AsyncPromise<double> promise(rt, callInvoker);

    std::thread([it_, promise, arg0]() mutable {
      try {
        auto ret = craby::bridging::promiseMethod(*it_, arg0);
        promise.resolve(ret);
      } catch (const jsi::JSError &err) {
        promise.reject(err.getMessage());
      } catch (const std::exception &err) {
        promise.reject(errorMessage(err));
      }
    }).detach();

    return react::bridging::toJs(rt, promise);
  } catch (const jsi::JSError &err) {
    throw err;
  } catch (const std::exception &err) {
    throw jsi::JSError(rt, errorMessage(err));
  }
}

jsi::Value CxxCrabyTestModule::camelMethod(jsi::Runtime &rt,
                                react::TurboModule &turboModule,
                                const jsi::Value args[],
                                size_t count) {
  auto &thisModule = static_cast<CxxCrabyTestModule &>(turboModule);
  auto callInvoker = thisModule.callInvoker_;
  auto it_ = thisModule.module_;

  try {
    if (2 != count) {
      throw jsi::JSError(rt, "Expected 2 arguments");
    }

    auto arg0 = react::bridging::fromJs<double>(rt, args[0], callInvoker);
    auto arg1 = react::bridging::fromJs<double>(rt, args[1], callInvoker);
    auto ret = craby::bridging::camelMethod(*it_, arg0, arg1);

    return react::bridging::toJs(rt, ret);
  } catch (const jsi::JSError &err) {
    throw err;
  } catch (const std::exception &err) {
    throw jsi::JSError(rt, errorMessage(err));
  }
}

jsi::Value CxxCrabyTestModule::pascalMethod(jsi::Runtime &rt,
                                react::TurboModule &turboModule,
                                const jsi::Value args[],
                                size_t count) {
  auto &thisModule = static_cast<CxxCrabyTestModule &>(turboModule);
  auto callInvoker = thisModule.callInvoker_;
  auto it_ = thisModule.module_;

  try {
    if (2 != count) {
      throw jsi::JSError(rt, "Expected 2 arguments");
    }

    auto arg0 = react::bridging::fromJs<double>(rt, args[0], callInvoker);
    auto arg1 = react::bridging::fromJs<double>(rt, args[1], callInvoker);
    auto ret = craby::bridging::pascalMethod(*it_, arg0, arg1);

    return react::bridging::toJs(rt, ret);
  } catch (const jsi::JSError &err) {
    throw err;
  } catch (const std::exception &err) {
    throw jsi::JSError(rt, errorMessage(err));
  }
}

jsi::Value CxxCrabyTestModule::snakeMethod(jsi::Runtime &rt,
                                react::TurboModule &turboModule,
                                const jsi::Value args[],
                                size_t count) {
  auto &thisModule = static_cast<CxxCrabyTestModule &>(turboModule);
  auto callInvoker = thisModule.callInvoker_;
  auto it_ = thisModule.module_;

  try {
    if (2 != count) {
      throw jsi::JSError(rt, "Expected 2 arguments");
    }

    auto arg0 = react::bridging::fromJs<double>(rt, args[0], callInvoker);
    auto arg1 = react::bridging::fromJs<double>(rt, args[1], callInvoker);
    auto ret = craby::bridging::snakeMethod(*it_, arg0, arg1);

    return react::bridging::toJs(rt, ret);
  } catch (const jsi::JSError &err) {
    throw err;
  } catch (const std::exception &err) {
    throw jsi::JSError(rt, errorMessage(err));
  }
}

jsi::Value CxxCrabyTestModule::onSignal(jsi::Runtime &rt,
                      react::TurboModule &turboModule,
                      const jsi::Value args[],
                      size_t count) {
  auto &thisModule = static_cast<CxxCrabyTestModule &>(turboModule);
  auto callInvoker = thisModule.callInvoker_;
  auto it_ = thisModule.module_;

  try {
    if (1 != count) {
      throw jsi::JSError(rt, "Expected 1 argument");
    }

    auto callback = args[0].asObject(rt).asFunction(rt);
    uint64_t listenerId = nextListenerId_++;
    
    auto callbackRef = std::make_shared<jsi::Function>(std::move(callback));
    auto name = "onSignal";
    
    if (listenersMap_.find(name) == listenersMap_.end()) {
      listenersMap_[name] = std::vector<std::shared_ptr<jsi::Function>>();
    }
    listenersMap_[name].push_back(callbackRef);

    return jsi::Function::createFromHostFunction(
      rt,
      jsi::PropNameID::forAscii(rt, "cleanup"),
      0,
      [listenerId, callbackRef, name](jsi::Runtime& rt, const jsi::Value&, const jsi::Value*, size_t) -> jsi::Value {
        std::lock_guard<std::mutex> lock(mutex_);
        auto& listeners = listenersMap_[name];
        listeners.erase(
          std::remove_if(listeners.begin(), listeners.end(),
          [&callbackRef](const std::shared_ptr<jsi::Function>& fn) {
            return fn.get() == callbackRef.get();
          }),
          listeners.end()
        );

        if (listeners.empty()) {
          listenersMap_.erase(name);
        }

        return jsi::Value::undefined();
      }
    );
  } catch (const jsi::JSError &err) {
    throw err;
  } catch (const std::exception &err) {
    throw jsi::JSError(rt, errorMessage(err));
  }
}

} // namespace crabytest
} // namespace craby

./cpp/CxxCrabyTestModule.hpp
#pragma once

#include "ffi.rs.h"

#include <memory>
#include <ReactCommon/TurboModule.h>
#include <jsi/jsi.h>

namespace craby {
namespace crabytest {

class JSI_EXPORT CxxCrabyTestModule : public facebook::react::TurboModule {
public:
  static constexpr const char *kModuleName = "CrabyTest";
  inline static std::mutex mutex_;
  inline static std::atomic<uint64_t> nextListenerId_;
  inline static std::unordered_map<std::string, std::vector<std::shared_ptr<facebook::jsi::Function>>> listenersMap_;

  CxxCrabyTestModule(std::shared_ptr<facebook::react::CallInvoker> jsInvoker);
  ~CxxCrabyTestModule();

  void emit(std::string name);

  static facebook::jsi::Value
  numericMethod(facebook::jsi::Runtime &rt,
      facebook::react::TurboModule &turboModule,
      const facebook::jsi::Value args[], size_t count);

  static facebook::jsi::Value
  booleanMethod(facebook::jsi::Runtime &rt,
      facebook::react::TurboModule &turboModule,
      const facebook::jsi::Value args[], size_t count);

  static facebook::jsi::Value
  stringMethod(facebook::jsi::Runtime &rt,
      facebook::react::TurboModule &turboModule,
      const facebook::jsi::Value args[], size_t count);

  static facebook::jsi::Value
  objectMethod(facebook::jsi::Runtime &rt,
      facebook::react::TurboModule &turboModule,
      const facebook::jsi::Value args[], size_t count);

  static facebook::jsi::Value
  arrayMethod(facebook::jsi::Runtime &rt,
      facebook::react::TurboModule &turboModule,
      const facebook::jsi::Value args[], size_t count);

  static facebook::jsi::Value
  enumMethod(facebook::jsi::Runtime &rt,
      facebook::react::TurboModule &turboModule,
      const facebook::jsi::Value args[], size_t count);

  static facebook::jsi::Value
  nullableMethod(facebook::jsi::Runtime &rt,
      facebook::react::TurboModule &turboModule,
      const facebook::jsi::Value args[], size_t count);

  static facebook::jsi::Value
  promiseMethod(facebook::jsi::Runtime &rt,
      facebook::react::TurboModule &turboModule,
      const facebook::jsi::Value args[], size_t count);

  static facebook::jsi::Value
  camelMethod(facebook::jsi::Runtime &rt,
      facebook::react::TurboModule &turboModule,
      const facebook::jsi::Value args[], size_t count);

  static facebook::jsi::Value
  pascalMethod(facebook::jsi::Runtime &rt,
      facebook::react::TurboModule &turboModule,
      const facebook::jsi::Value args[], size_t count);

  static facebook::jsi::Value
  snakeMethod(facebook::jsi::Runtime &rt,
      facebook::react::TurboModule &turboModule,
      const facebook::jsi::Value args[], size_t count);

  static facebook::jsi::Value
  onSignal(facebook::jsi::Runtime &rt,
      facebook::react::TurboModule &turboModule,
      const facebook::jsi::Value args[], size_t count);

protected:
  std::shared_ptr<facebook::react::CallInvoker> callInvoker_;
  std::shared_ptr<craby::bridging::CrabyTest> module_;
};

} // namespace crabytest
} // namespace craby

./cpp/bridging-generated.hpp
#pragma once

#include "cxx.h"
#include "ffi.rs.h"

#include <react/bridging/Bridging.h>

using namespace facebook;

namespace facebook {
namespace react {

template <>
struct Bridging<rust::String> {
  static rust::String fromJs(jsi::Runtime& rt, const jsi::Value &value, std::shared_ptr<CallInvoker> callInvoker) {
    auto str = value.asString(rt).utf8(rt);
    return rust::String(str);
  }

  static jsi::Value toJs(jsi::Runtime& rt, const rust::String& value) {
    return react::bridging::toJs(rt, std::string(value));
  }
};

template <typename T>
struct Bridging<rust::Vec<T>> {
  static rust::Vec<T> fromJs(jsi::Runtime& rt, const jsi::Value &value, std::shared_ptr<CallInvoker> callInvoker) {
    auto arr = value.asObject(rt).asArray(rt);
    size_t len = arr.length(rt);
    rust::Vec<T> vec;
    vec.reserve(len);

    for (size_t i = 0; i < len; i++) {
      auto element = arr.getValueAtIndex(rt, i);
      vec.push_back(react::bridging::fromJs<T>(rt, element, callInvoker));
    }

    return vec;
  }

  static jsi::Array toJs(jsi::Runtime& rt, const rust::Vec<T>& vec) {
    auto arr = jsi::Array(rt, vec.size());

    for (size_t i = 0; i < vec.size(); i++) {
      auto jsElement = react::bridging::toJs(rt, vec[i]);
      arr.setValueAtIndex(rt, i, jsElement);
    }

    return arr;
  }
};

template <>
struct Bridging<craby::bridging::MyEnum> {
  static craby::bridging::MyEnum fromJs(jsi::Runtime &rt, const jsi::Value& value, std::shared_ptr<CallInvoker> callInvoker) {
    auto raw = value.asString(rt).utf8(rt);
    if (raw == "foo") {
      return craby::bridging::MyEnum::Foo;
    } else if (raw == "bar") {
      return craby::bridging::MyEnum::Bar;
    } else if (raw == "baz") {
      return craby::bridging::MyEnum::Baz;
    } else {
      throw jsi::JSError(rt, "Invalid enum value (MyEnum)");
    }
  }

  static jsi::Value toJs(jsi::Runtime &rt, craby::bridging::MyEnum value) {
    switch (value) {
      case craby::bridging::MyEnum::Foo:
        return react::bridging::toJs(rt, "foo");
      case craby::bridging::MyEnum::Bar:
        return react::bridging::toJs(rt, "bar");
      case craby::bridging::MyEnum::Baz:
        return react::bridging::toJs(rt, "baz");
      default:
        throw jsi::JSError(rt, "Invalid enum value (MyEnum)");
    }
  }
};

template <>
struct Bridging<craby::bridging::SwitchState> {
  static craby::bridging::SwitchState fromJs(jsi::Runtime &rt, const jsi::Value& value, std::shared_ptr<CallInvoker> callInvoker) {
    auto raw = value.asNumber();
    if (raw == 0) {
      return craby::bridging::SwitchState::Off;
    } else if (raw == 1) {
      return craby::bridging::SwitchState::On;
    } else {
      throw jsi::JSError(rt, "Invalid enum value (SwitchState)");
    }
  }

  static jsi::Value toJs(jsi::Runtime &rt, craby::bridging::SwitchState value) {
    switch (value) {
      case craby::bridging::SwitchState::Off:
        return react::bridging::toJs(rt, 0);
      case craby::bridging::SwitchState::On:
        return react::bridging::toJs(rt, 1);
      default:
        throw jsi::JSError(rt, "Invalid enum value (SwitchState)");
    }
  }
};

template <>
struct Bridging<craby::bridging::NullableString> {
  static craby::bridging::NullableString fromJs(jsi::Runtime &rt, const jsi::Value& value, std::shared_ptr<CallInvoker> callInvoker) {
    if (value.isNull()) {
      return craby::bridging::NullableString{true, rust::String()};
    }

    auto val = react::bridging::fromJs<rust::String>(rt, value, callInvoker);
    auto ret = craby::bridging::NullableString{false, val};

    return ret;
  }

  static jsi::Value toJs(jsi::Runtime &rt, craby::bridging::NullableString value) {
    if (value.null) {
      return jsi::Value::null();
    }

    return react::bridging::toJs(rt, value.val);
  }
};

template <>
struct Bridging<craby::bridging::SubObject> {
  static craby::bridging::SubObject fromJs(jsi::Runtime &rt, const jsi::Value& value, std::shared_ptr<CallInvoker> callInvoker) {
    auto obj = value.asObject(rt);
    auto obj$a = obj.getProperty(rt, "a");
    auto obj$b = obj.getProperty(rt, "b");
    auto obj$c = obj.getProperty(rt, "c");

    auto _obj$a = react::bridging::fromJs<craby::bridging::NullableString>(rt, obj$a, callInvoker);
    auto _obj$b = react::bridging::fromJs<double>(rt, obj$b, callInvoker);
    auto _obj$c = react::bridging::fromJs<bool>(rt, obj$c, callInvoker);

    craby::bridging::SubObject ret = {
      _obj$a,
      _obj$b,
      _obj$c
    };

    return ret;
  }

  static jsi::Value toJs(jsi::Runtime &rt, craby::bridging::SubObject value) {
    jsi::Object obj = jsi::Object(rt);
    auto _obj$a = react::bridging::toJs(rt, value.a);
    auto _obj$b = react::bridging::toJs(rt, value.b);
    auto _obj$c = react::bridging::toJs(rt, value.c);

    obj.setProperty(rt, "a", _obj$a);
    obj.setProperty(rt, "b", _obj$b);
    obj.setProperty(rt, "c", _obj$c);

    return jsi::Value(rt, obj);
  }
};

template <>
struct Bridging<craby::bridging::NullableSubObject> {
  static craby::bridging::NullableSubObject fromJs(jsi::Runtime &rt, const jsi::Value& value, std::shared_ptr<CallInvoker> callInvoker) {
    if (value.isNull()) {
      return craby::bridging::NullableSubObject{true, craby::bridging::SubObject{}};
    }

    auto val = react::bridging::fromJs<craby::bridging::SubObject>(rt, value, callInvoker);
    auto ret = craby::bridging::NullableSubObject{false, val};

    return ret;
  }

  static jsi::Value toJs(jsi::Runtime &rt, craby::bridging::NullableSubObject value) {
    if (value.null) {
      return jsi::Value::null();
    }

    return react::bridging::toJs(rt, value.val);
  }
};

template <>
struct Bridging<craby::bridging::TestObject> {
  static craby::bridging::TestObject fromJs(jsi::Runtime &rt, const jsi::Value& value, std::shared_ptr<CallInvoker> callInvoker) {
    auto obj = value.asObject(rt);
    auto obj$foo = obj.getProperty(rt, "foo");
    auto obj$bar = obj.getProperty(rt, "bar");
    auto obj$baz = obj.getProperty(rt, "baz");
    auto obj$sub = obj.getProperty(rt, "sub");
    auto obj$camelCase = obj.getProperty(rt, "camelCase");
    auto obj$pascalCase = obj.getProperty(rt, "PascalCase");
    auto obj$snakeCase = obj.getProperty(rt, "snake_case");

    auto _obj$foo = react::bridging::fromJs<rust::String>(rt, obj$foo, callInvoker);
    auto _obj$bar = react::bridging::fromJs<double>(rt, obj$bar, callInvoker);
    auto _obj$baz = react::bridging::fromJs<bool>(rt, obj$baz, callInvoker);
    auto _obj$sub = react::bridging::fromJs<craby::bridging::NullableSubObject>(rt, obj$sub, callInvoker);
    auto _obj$camelCase = react::bridging::fromJs<double>(rt, obj$camelCase, callInvoker);
    auto _obj$pascalCase = react::bridging::fromJs<double>(rt, obj$pascalCase, callInvoker);
    auto _obj$snakeCase = react::bridging::fromJs<double>(rt, obj$snakeCase, callInvoker);

    craby::bridging::TestObject ret = {
      _obj$foo,
      _obj$bar,
      _obj$baz,
      _obj$sub,
      _obj$camelCase,
      _obj$pascalCase,
      _obj$snakeCase
    };

    return ret;
  }

  static jsi::Value toJs(jsi::Runtime &rt, craby::bridging::TestObject value) {
    jsi::Object obj = jsi::Object(rt);
    auto _obj$foo = react::bridging::toJs(rt, value.foo);
    auto _obj$bar = react::bridging::toJs(rt, value.bar);
    auto _obj$baz = react::bridging::toJs(rt, value.baz);
    auto _obj$sub = react::bridging::toJs(rt, value.sub);
    auto _obj$camelCase = react::bridging::toJs(rt, value.camel_case);
    auto _obj$pascalCase = react::bridging::toJs(rt, value.pascal_case);
    auto _obj$snakeCase = react::bridging::toJs(rt, value.snake_case);

    obj.setProperty(rt, "foo", _obj$foo);
    obj.setProperty(rt, "bar", _obj$bar);
    obj.setProperty(rt, "baz", _obj$baz);
    obj.setProperty(rt, "sub", _obj$sub);
    obj.setProperty(rt, "camelCase", _obj$camelCase);
    obj.setProperty(rt, "PascalCase", _obj$pascalCase);
    obj.setProperty(rt, "snake_case", _obj$snakeCase);

    return jsi::Value(rt, obj);
  }
};

template <>
struct Bridging<craby::bridging::NullableNumber> {
  static craby::bridging::NullableNumber fromJs(jsi::Runtime &rt, const jsi::Value& value, std::shared_ptr<CallInvoker> callInvoker) {
    if (value.isNull()) {
      return craby::bridging::NullableNumber{true, 0.0};
    }

    auto val = react::bridging::fromJs<double>(rt, value, callInvoker);
    auto ret = craby::bridging::NullableNumber{false, val};

    return ret;
  }

  static jsi::Value toJs(jsi::Runtime &rt, craby::bridging::NullableNumber value) {
    if (value.null) {
      return jsi::Value::null();
    }

    return react::bridging::toJs(rt, value.val);
  }
};

} // namespace react
} // namespace facebook

./crates/lib/include/signals.h
#pragma once

#include "rust/cxx.h"

#include <functional>
#include <memory>
#include <unordered_map>

namespace craby {
namespace signals {

using Delegate = std::function<void(const std::string& signalName)>;

class SignalManager {
public:
  static SignalManager& getInstance() {
    static SignalManager instance;
    return instance;
  }

  void emit(uintptr_t id, rust::Str name) const {
    std::lock_guard<std::mutex> lock(mutex_);
    auto it = delegates_.find(id);
    if (it != delegates_.end()) {
      it->second(std::string(name));
    }
  }

  void registerDelegate(uintptr_t id, Delegate delegate) const {
    std::lock_guard<std::mutex> lock(mutex_);
    delegates_.insert_or_assign(id, delegate);
  }

  void unregisterDelegate(uintptr_t id) const {
    std::lock_guard<std::mutex> lock(mutex_);
    delegates_.erase(id);
  }

private:
  SignalManager() = default;
  mutable std::unordered_map<uintptr_t, Delegate> delegates_;
  mutable std::mutex mutex_;
};

inline const SignalManager& getSignalManager() {
  return SignalManager::getInstance();
}

} // namespace signals
} // namespace craby
